Detecting compiler hash for triplet x64-windows...
Compiler found: C:/Program Files/Microsoft Visual Studio/18/Insiders/VC/Tools/MSVC/14.51.36231/bin/Hostx64/x64/cl.exe
Detecting compiler hash for triplet x86-windows-static...
Compiler found: C:/Program Files/Microsoft Visual Studio/18/Insiders/VC/Tools/MSVC/14.51.36231/bin/Hostx64/x86/cl.exe
The following packages will be built and installed:
    libsodium:x86-windows-static@1.0.20#3
    miniz:x86-windows-static@3.1.0
    nlohmann-json:x86-windows-static@3.12.0
    picosha2:x86-windows-static@1.0.1
  * pkgconf:x64-windows@2.5.1
  * vcpkg-cmake:x64-windows@2024-04-23
  * vcpkg-cmake-config:x64-windows@2024-05-23
  * vcpkg-cmake-get-vars:x64-windows@2025-05-29
  * vcpkg-msbuild:x64-windows@2023-08-08
  * vcpkg-pkgconfig-get-modules:x64-windows@2024-04-03
  * vcpkg-tool-meson:x64-windows@1.8.2
Additional packages (*) will be modified to complete this operation.
Restored 11 package(s) from C:\Users\evo_l\AppData\Local\vcpkg\archives in 151 ms. Use --debug to see more details.
Installing 1/11 vcpkg-cmake:x64-windows@2024-04-23...
vcpkg-cmake:x64-windows@2024-04-23 package ABI: d56b9c59eb686ca61b30ee0849736d239a3f821a31410baf49ae37f977da882f
Elapsed time to handle vcpkg-cmake:x64-windows: 88.6 ms
Installing 2/11 vcpkg-cmake-get-vars:x64-windows@2025-05-29...
vcpkg-cmake-get-vars:x64-windows@2025-05-29 package ABI: 6b17f64134ffe4539265b3986dfeec5b5e92d926f64a0406f6ea3951905f2ce2
Elapsed time to handle vcpkg-cmake-get-vars:x64-windows: 39.6 ms
Installing 3/11 vcpkg-tool-meson:x64-windows@1.8.2...
vcpkg-tool-meson:x64-windows@1.8.2 package ABI: af99086f265cafed209903b13289390cb8ae00f148d0dfeb4fb6be6f3e2f03c5
Elapsed time to handle vcpkg-tool-meson:x64-windows: 34.5 ms
Installing 4/11 pkgconf:x64-windows@2.5.1...
pkgconf:x64-windows@2.5.1 package ABI: 5562838fcbe5f8666e26c84fab83714aeb64a3dd0fe54cb20bbf65d83507070d
Elapsed time to handle pkgconf:x64-windows: 56.5 ms
Installing 5/11 vcpkg-pkgconfig-get-modules:x64-windows@2024-04-03...
vcpkg-pkgconfig-get-modules:x64-windows@2024-04-03 package ABI: 8353a90a90bc82120e9f5ed069b4a6df1c57203bf36f661b9a1f9ce263c589ec
Elapsed time to handle vcpkg-pkgconfig-get-modules:x64-windows: 33.7 ms
Installing 6/11 vcpkg-msbuild:x64-windows@2023-08-08...
vcpkg-msbuild:x64-windows@2023-08-08 package ABI: 92ef01361af09fea1f0ac46d5ec74873625f58c412208e481e6d8916f395f434
Elapsed time to handle vcpkg-msbuild:x64-windows: 97.9 ms
Installing 7/11 libsodium:x86-windows-static@1.0.20#3...
libsodium:x86-windows-static@1.0.20#3 package ABI: e7d99e312e037c407603f2674fbe18cf55e858191927d3712359525801385030
Elapsed time to handle libsodium:x86-windows-static: 189 ms
Installing 8/11 vcpkg-cmake-config:x64-windows@2024-05-23...
vcpkg-cmake-config:x64-windows@2024-05-23 package ABI: 7bccf95f3953fa9edff9f2dc746df6cb504717f7fc94bc963808f3d4fd66ae83
Elapsed time to handle vcpkg-cmake-config:x64-windows: 48.4 ms
Installing 9/11 miniz:x86-windows-static@3.1.0...
miniz:x86-windows-static@3.1.0 package ABI: ee363e82a82180d9c27492872c33f14e9272c0e88524fae6f9f1b3d8ad00020e
Elapsed time to handle miniz:x86-windows-static: 75.1 ms
Installing 10/11 nlohmann-json:x86-windows-static@3.12.0...
nlohmann-json:x86-windows-static@3.12.0 package ABI: 9095abeca20e58fd800fd49e2dbbaf7ff51b4ff731de1312f7e968887d9083a1
Elapsed time to handle nlohmann-json:x86-windows-static: 70.5 ms
Installing 11/11 picosha2:x86-windows-static@1.0.1...
picosha2:x86-windows-static@1.0.1 package ABI: e594215ea10973a5bbbb1cf59f28b97fd4077aa57c6103e8280ffc0ab80cf641
Elapsed time to handle picosha2:x86-windows-static: 6.44 ms
Installed contents are licensed to you by owners. Microsoft is not responsible for, nor does it grant any licenses to, third-party packages.
Some packages did not declare an SPDX license. Check the `copyright` file for each package for more information about their licensing.
Packages installed in this vcpkg installation declare the following licenses:
Apache-2.0
ISC
MIT
libsodium provides CMake targets:

  # this is heuristically generated, and may not be correct
  find_package(unofficial-sodium CONFIG REQUIRED)
  target_link_libraries(main PRIVATE unofficial-sodium::sodium)

libsodium provides pkg-config modules:

  # A modern and easy-to-use crypto library
  libsodium

miniz provides CMake targets:

  # this is heuristically generated, and may not be correct
  find_package(miniz CONFIG REQUIRED)
  target_link_libraries(main PRIVATE miniz::miniz)

miniz provides pkg-config modules:

  # 
  miniz

The package nlohmann-json provides CMake targets:

    find_package(nlohmann_json CONFIG REQUIRED)
    target_link_libraries(main PRIVATE nlohmann_json::nlohmann_json)

The package nlohmann-json can be configured to not provide implicit conversions via a custom triplet file:

    set(nlohmann-json_IMPLICIT_CONVERSIONS OFF)

For more information, see the docs here:
    
    https://json.nlohmann.me/api/macros/json_use_implicit_conversions/

picosha2 is header-only and can be used from CMake via:

  find_path(PICOSHA2_INCLUDE_DIRS "picosha2.h")
  target_include_directories(main PRIVATE ${PICOSHA2_INCLUDE_DIRS})

All requested installations completed successfully in: 971 ms
